// Vitest Snapshot v1, https://vitest.dev/guide/snapshot.html

exports[`Wave 0 golden — BOM legacy roof MICRO (flat input, truck-stock + tools on) > full ordered line-item list matches the pre-contract snapshot 1`] = `
[
  "array|solar_panel|REC Group|REC405AA Pure-R|REC405AA-PURE-R|52|ea",
  "array|microinverter|Enphase|IQ8+ Microinverter|IQ8PLUS-72-2-US|52|ea",
  "ac|trunk_cable|Enphase|IQ Q-Cable (portrait)|Q-12-10-240|52|ea",
  "ac|terminator|Enphase|Q Cable Terminator (branch end, single-use)|Q-TERM-10|4|ea",
  "ac|sealing_cap|Enphase|Q Cable Sealing Cap (unused connector)|Q-SEAL-10|0|ea",
  "inverter|combiner|Enphase|IQ Combiner 6C|X-IQ-AM1-240-6C|1|ea",
  "ac|junction_box|Soladeck|PV Junction Box|0786-41|4|ea",
  "ac|wire|Southwire|#8 AWG THWN-2|THWN2-8|276|ft",
  "ac|conduit|Generic|3/4" EMT Conduit|EMT-3-4|69|ft",
  "ac|conduit_fitting|Raco/Allied|3/4" EMT Connector|EMT-CONN-3-4|7|ea",
  "ac|conduit_fitting|Raco/Allied|3/4" EMT Coupling|EMT-COUP-3-4|7|ea",
  "ac|conduit_fitting|Raco/Allied|3/4" Insulated Bushing|BUSH-INS-3-4|4|ea",
  "ac|conduit_fitting|Raco/Allied|3/4" EMT One-Hole Strap|EMT-STRAP-3-4|7|ea",
  "ac|disconnect|Eaton|200A Fusible AC Disconnect|DPF224RB|1|ea",
  "ac|fuse|Littelfuse|110A Class RK5 Fuse|LLNRK110SP|2|ea",
  "ac|connector|NSI Polaris|Insulated Multi-Tap Connector (350 kcmil–#6)|IPLD350-3|3|ea",
  "structural|racking|IronRidge|XR100 Rail System|XR-100-168B|1|lot",
  "structural|attachment|IronRidge|L-Foot with Lag Bolt|LFT-001-B|104|ea",
  "structural|flashing|QuickMount PV|Classic Mount Flashing|QM-CLASSIC-1|104|ea",
  "structural|rail|IronRidge|XR100 Rail 168"|XR-100-168B|32|ea",
  "structural|mid_clamp|IronRidge|UFO Mid Clamp|UFO-MID-01|72|ea",
  "structural|end_clamp|IronRidge|UFO End Clamp|UFO-END-01|64|ea",
  "structural|splice|IronRidge|XR100 Splice|XR-100-SPLICE|32|ea",
  "structural|wire|Southwire|#8 AWG THWN-2 Green EGC|THWN2-GRN-8|69|ft",
  "labels|label|HellermannTyton|PV System Warning Label|LABEL-PV-WARN|1|ea",
  "labels|label|HellermannTyton|Rapid Shutdown Label|LABEL-RSD|1|ea",
  "labels|label|HellermannTyton|Supply-Side Tap POI Label|LABEL-SST|1|ea",
  "labels|label|HellermannTyton|Disconnecting Means Label|LABEL-DISC|2|ea",
  "truck_stock|conduit_body|Generic|3/4" EMT LB Conduit Body|LB-3-4|2|ea",
  "truck_stock|conduit_body|Generic|3/4" EMT LR Conduit Body|LR-3-4|2|ea",
  "truck_stock|conduit_fitting|Raco/Allied|3/4" EMT Coupling (extra)|EMT-COUP-X-3-4|3|ea",
  "truck_stock|conduit_fitting|Raco/Allied|3/4" EMT Connector (extra)|EMT-CONN-X-3-4|4|ea",
  "truck_stock|conduit_fitting|Raco/Allied|3/4" One-Hole Straps (extra)|EMT-STRAP-X-3-4|5|ea",
  "truck_stock|consumable|Ideal/Wago|Wire Connector Assortment (winged + lever)|WIRENUT-ASST|1|ea",
  "truck_stock|connector|NSI Polaris|Insulated Multi-Tap Connector (spare)|IPLD350-3|1|ea",
  "truck_stock|connector|Enphase|Q Field-Wireable Connector, Male (spare)|Q-CONN-10M|1|ea",
  "truck_stock|connector|Enphase|Q Field-Wireable Connector, Female (spare)|Q-CONN-10F|1|ea",
  "truck_stock|sealing_cap|Enphase|Q Cable Sealing Cap (spares)|Q-SEAL-10|4|ea",
  "truck_stock|terminator|Enphase|Q Cable Terminator (spare)|Q-TERM-10|1|ea",
  "truck_stock|lag_bolt|Generic|Structural Lag/Screw (extras)|LAG-X|6|ea",
  "truck_stock|consumable|Chemlink/Geocel|Roof Sealant Tube|SEALANT-TUBE|6|ea",
  "truck_stock|breaker|Square D|80A 2-Pole Breaker (spare)|QO80-SPARE|1|ea",
  "tools|tool|—|Portable bandsaw (metal blade)|—|1|ea",
  "tools|tool|—|Deburring tool / flat file|—|1|ea",
  "tools|tool|—|Torque wrench + sockets (7/16" socket; 0–300 in-lb torque wrench is in IronRidge's TOOLS REQUIRED list)|—|1|ea",
  "tools|tool|—|Rafter finder / stud sensor + chalk line|—|1|ea",
  "tools|tool|—|Impact driver + pilot bits (per lag diameter)|—|1|ea",
  "tools|tool|—|Caulk gun (quart-rated)|—|1|ea",
  "tools|tool|Enphase|Q-Cable disconnect tool|Q-DISC-10|1|ea",
  "tools|tool|—|EMT bender (per trade size) + level|—|1|ea",
  "tools|tool|—|Conduit reamer|—|1|ea",
  "tools|tool|—|Wire caddy / spool rack + 500 ft THHN rolls|—|1|ea",
  "tools|tool|—|Fish tape + wire-pulling lubricant|—|1|ea",
  "tools|tool|—|Torque screwdriver (in-lb)|—|1|ea",
  "tools|tool|—|Wire strippers (#14–#6) + multimeter / clamp meter|—|1|ea",
  "tools|tool|—|Insulated hand tools (1000 V) + Class 0 gloves|—|1|ea",
]
`;

exports[`Wave 0 golden — BOM legacy roof MICRO (flat input, truck-stock + tools on) > stage sequence matches the pre-contract snapshot 1`] = `
[
  "array|1|2",
  "dc|2|0",
  "inverter|3|1",
  "ac|4|13",
  "structural|5|8",
  "monitoring|6|0",
  "labels|7|4",
  "truck_stock|8|14",
  "tools|9|14",
]
`;

exports[`Wave 0 golden — BOM legacy roof MICRO fed by REAL computeSystem runs (permit path) > full ordered line-item list matches the pre-contract snapshot 1`] = `
[
  "array|solar_panel|REC Group|REC405AA Pure-R|REC405AA-PURE-R|20|ea",
  "array|microinverter|Enphase|IQ8+ Microinverter|IQ8PLUS-72-2-US|20|ea",
  "ac|trunk_cable|Enphase|IQ Q-Cable (portrait)|Q-12-10-240|20|ea",
  "ac|terminator|Enphase|Q Cable Terminator (branch end, single-use)|Q-TERM-10|2|ea",
  "ac|sealing_cap|Enphase|Q Cable Sealing Cap (unused connector)|Q-SEAL-10|0|ea",
  "inverter|combiner|Enphase|IQ Combiner 6C|X-IQ-AM1-240-6C|1|ea",
  "ac|junction_box|Soladeck|PV Junction Box|0786-41|1|ea",
  "ac|wire|Southwire|#10 AWG THWN-2|THWN2-10|213|ft",
  "ac|wire|Southwire|#10 AWG THWN-2 Green EGC|THWN2-GRN-10|41|ft",
  "ac|wire|Southwire|#12 AWG THWN-2 Green EGC|THWN2-GRN-12|23|ft",
  "ac|conduit|Generic|1" EMT Conduit|EMT-1-RWBRANCHHOMERUN|23|ft",
  "ac|conduit_fitting|Raco/Allied|1" EMT Coupling|EMT-COUP-1-RWBRANCHHOMERUN|2|ea",
  "ac|conduit_fitting|Raco/Allied|1" EMT Connector|EMT-CONN-1-RWBRANCHHOMERUN|2|ea",
  "ac|conduit_fitting|Raco/Allied|1" EMT One-Hole Strap|EMT-STRAP-1-RWBRANCHHOMERUN|4|ea",
  "ac|conduit_fitting|Raco/Allied|1" Insulated Bushing|BUSH-INS-1-RWBRANCHHOMERUN|2|ea",
  "ac|conduit_fitting|Raco/Allied|1" EMT 90° Sweep|EMT-ELL-1-RWBRANCHHOMERUN|2|ea",
  "ac|conduit|Generic|3/4" EMT Conduit|EMT-3-4-RWCOMBINERTODISCORUN|23|ft",
  "ac|conduit_fitting|Raco/Allied|3/4" EMT Coupling|EMT-COUP-3-4-RWCOMBINERTODISCORUN|2|ea",
  "ac|conduit_fitting|Raco/Allied|3/4" EMT Connector|EMT-CONN-3-4-RWCOMBINERTODISCORUN|2|ea",
  "ac|conduit_fitting|Raco/Allied|3/4" EMT One-Hole Strap|EMT-STRAP-3-4-RWCOMBINERTODISCORUN|4|ea",
  "ac|conduit_fitting|Raco/Allied|3/4" Insulated Bushing|BUSH-INS-3-4-RWCOMBINERTODISCORUN|2|ea",
  "ac|conduit_fitting|Raco/Allied|3/4" EMT 90° Sweep|EMT-ELL-3-4-RWCOMBINERTODISCORUN|2|ea",
  "ac|conduit|Generic|3/4" EMT Conduit|EMT-3-4-RWDISCOTOMETERRUN|18|ft",
  "ac|conduit_fitting|Raco/Allied|3/4" EMT Coupling|EMT-COUP-3-4-RWDISCOTOMETERRUN|1|ea",
  "ac|conduit_fitting|Raco/Allied|3/4" EMT Connector|EMT-CONN-3-4-RWDISCOTOMETERRUN|2|ea",
  "ac|conduit_fitting|Raco/Allied|3/4" EMT One-Hole Strap|EMT-STRAP-3-4-RWDISCOTOMETERRUN|3|ea",
  "ac|conduit_fitting|Raco/Allied|3/4" Insulated Bushing|BUSH-INS-3-4-RWDISCOTOMETERRUN|2|ea",
  "ac|conduit_fitting|Raco/Allied|3/4" EMT 90° Sweep|EMT-ELL-3-4-RWDISCOTOMETERRUN|2|ea",
  "ac|disconnect|Eaton|60A Fusible AC Disconnect|DPF222RP|1|ea",
  "ac|fuse|Littelfuse|45A Class RK5 Fuse|LLNRK45SP|2|ea",
  "ac|connector|NSI Polaris|Insulated Multi-Tap Connector (350 kcmil–#6)|IPLD350-3|3|ea",
  "structural|racking|IronRidge|XR100 Rail System|XR-100-168B|1|lot",
  "structural|attachment|IronRidge|L-Foot with Lag Bolt|LFT-001-B|40|ea",
  "structural|flashing|QuickMount PV|Classic Mount Flashing|QM-CLASSIC-1|40|ea",
  "structural|rail|IronRidge|XR100 Rail 168"|XR-100-168B|12|ea",
  "structural|mid_clamp|IronRidge|UFO Mid Clamp|UFO-MID-01|28|ea",
  "structural|end_clamp|IronRidge|UFO End Clamp|UFO-END-01|24|ea",
  "structural|splice|IronRidge|XR100 Splice|XR-100-SPLICE|12|ea",
  "labels|label|HellermannTyton|PV System Warning Label|LABEL-PV-WARN|1|ea",
  "labels|label|HellermannTyton|Rapid Shutdown Label|LABEL-RSD|1|ea",
  "labels|label|HellermannTyton|Supply-Side Tap POI Label|LABEL-SST|1|ea",
  "labels|label|HellermannTyton|Disconnecting Means Label|LABEL-DISC|2|ea",
]
`;

exports[`Wave 0 golden — BOM legacy roof STRING (flat input, no runs) > full ordered line-item list matches the pre-contract snapshot 1`] = `
[
  "array|solar_panel|REC Group|REC405AA Pure-R|REC405AA-PURE-R|20|ea",
  "dc|wire|Southwire|#10 AWG USE-2 PV Wire|USE2-10|115|ft",
  "dc|conduit|Generic|3/4" EMT Conduit|EMT-3-4|58|ft",
  "dc|disconnect|Square D|20A DC Disconnect|DU20RB|1|ea",
  "dc|rapid_shutdown|Tigo|TS4-A-F Rapid Shutdown|481-00252-32|20|ea",
  "dc|rapid_shutdown_transmitter|Tigo|RSS Transmitter (single core, DIN rail)|490-00000-51|1|ea",
  "inverter|string_inverter|Fronius|Primo 8.2-1|PRIMO-8.2-1-240|1|ea",
  "ac|wire|Southwire|#8 AWG THWN-2|THWN2-8|276|ft",
  "ac|conduit|Generic|3/4" EMT Conduit|EMT-3-4|69|ft",
  "ac|conduit_fitting|Raco/Allied|3/4" EMT Connector|EMT-CONN-3-4|7|ea",
  "ac|conduit_fitting|Raco/Allied|3/4" EMT Coupling|EMT-COUP-3-4|7|ea",
  "ac|conduit_fitting|Raco/Allied|3/4" Insulated Bushing|BUSH-INS-3-4|4|ea",
  "ac|conduit_fitting|Raco/Allied|3/4" EMT One-Hole Strap|EMT-STRAP-3-4|7|ea",
  "ac|disconnect|Square D|60A Non-Fusible AC Disconnect|DU60RB|1|ea",
  "ac|breaker|Square D|40A Backfeed Breaker|QO40|1|ea",
  "structural|racking|IronRidge|XR100 Rail System|XR-100-168B|1|lot",
  "structural|attachment|IronRidge|L-Foot with Lag Bolt|LFT-001-B|10|ea",
  "structural|flashing|QuickMount PV|Classic Mount Flashing|QM-CLASSIC-1|10|ea",
  "structural|rail|IronRidge|XR100 Rail 168"|XR-100-168B|4|ea",
  "structural|mid_clamp|IronRidge|UFO Mid Clamp|UFO-MID-01|36|ea",
  "structural|end_clamp|IronRidge|UFO End Clamp|UFO-END-01|8|ea",
  "structural|splice|IronRidge|XR100 Splice|XR-100-SPLICE|4|ea",
  "structural|wire|Southwire|#10 AWG THWN-2 Green EGC|THWN2-GRN-10|69|ft",
  "labels|label|HellermannTyton|DC Conductor Label Set|LABEL-DC-SET|4|ea",
  "labels|label|HellermannTyton|PV System Warning Label|LABEL-PV-WARN|1|ea",
  "labels|label|HellermannTyton|Rapid Shutdown Label|LABEL-RSD|1|ea",
  "labels|label|HellermannTyton|Backfeed Breaker Label|LABEL-BF|1|ea",
  "labels|label|HellermannTyton|Disconnecting Means Label|LABEL-DISC|2|ea",
]
`;

exports[`Wave 0 golden — BOM legacy roof STRING (flat input, no runs) > stage sequence matches the pre-contract snapshot 1`] = `
[
  "array|1|1",
  "dc|2|5",
  "inverter|3|1",
  "ac|4|8",
  "structural|5|8",
  "monitoring|6|0",
  "labels|7|5",
  "truck_stock|8|0",
  "tools|9|0",
]
`;
