// Vitest Snapshot v1, https://vitest.dev/guide/snapshot.html

exports[`Wave 0 golden — electrical-calc legacy STRING parity numbers > per-string DC numbers (690.7 Voc chain + OCPD) match the pre-contract snapshot 1`] = `
[
  {
    "dcVoltageOk": true,
    "mpptRangeOk": true,
    "strings": [
      {
        "maxCurrentNEC": 16.580675,
        "ocpdRating": 25,
        "panelCount": 10,
        "vocWorstCase": 447.8694,
        "wireGauge": "#10 AWG",
      },
      {
        "maxCurrentNEC": 16.580675,
        "ocpdRating": 25,
        "panelCount": 10,
        "vocWorstCase": 447.8694,
        "wireGauge": "#10 AWG",
      },
    ],
    "type": "string",
  },
]
`;

exports[`Wave 0 golden — electrical-calc legacy STRING parity numbers > status / acWireGauge / OCPD / backfeed match the pre-contract snapshot 1`] = `
{
  "acConductorCallout": "3#8 AWG THWN-2 + 1#10 AWG GND in 1" EMT",
  "acSizing": {
    "acCurrentAmps": 31.67,
    "conductorAmpacity": 50,
    "conductorGauge": "#8 AWG",
    "conduitSize": "3/4"",
    "continuousCurrentAmps": 39.58,
    "disconnectAmps": 60,
    "disconnectType": "non-fused",
    "fuseAmps": null,
    "ocpdAmps": 40,
  },
  "acWireAmpacity": 45.5,
  "acWireGauge": "#8 AWG",
  "busbar": {
    "backfeedBreakerRequired": 40,
    "busbarRule": "120%",
    "mainPanelAmps": 200,
    "maxAllowedBackfeed": 40,
    "passes": true,
    "totalAcOutputAmps": 31.666667,
  },
  "engineeringModel": {
    "conductor": "#8 AWG THWN-2",
    "disconnectRating": 60,
    "disconnectType": "non-fused",
    "inverterCount": 1,
    "ocpd": 40,
    "perInverterAcKw": 7.6,
    "perInverterDisconnectAmps": 40,
    "totalAcKw": 7.6,
  },
  "errorCodes": [],
  "groundingConductor": "#10 AWG",
  "interconnectionMethod": "LOAD_SIDE",
  "status": "PASS",
  "summary": {
    "totalAcKw": 7.6,
    "totalDcKw": 8.4,
    "totalPanels": 20,
  },
}
`;
